// Jest Snapshot v1, https://goo.gl/fbAQLP

exports[`StarRow renders correctly and handles press events 1`] = `
<View
  style={
    [
      {
        "backgroundColor": "#fff",
      },
      {
        "flexDirection": "row",
        "justifyContent": "center",
      },
    ]
  }
>
  <View
    accessibilityState={
      {
        "busy": undefined,
        "checked": undefined,
        "disabled": false,
        "expanded": undefined,
        "selected": undefined,
      }
    }
    accessibilityValue={
      {
        "max": undefined,
        "min": undefined,
        "now": undefined,
        "text": undefined,
      }
    }
    accessible={true}
    collapsable={false}
    focusable={true}
    onClick={[Function]}
    onResponderGrant={[Function]}
    onResponderMove={[Function]}
    onResponderRelease={[Function]}
    onResponderTerminate={[Function]}
    onResponderTerminationRequest={[Function]}
    onStartShouldSetResponder={[Function]}
    style={
      {
        "opacity": 1,
      }
    }
    testID="star-row-touchable-1"
  >
    <View
      collapsable={false}
      style={
        {
          "marginHorizontal": 4,
        }
      }
      testID="star-row-animated-view-1"
    >
      <Text
        style={
          {
            "color": "#FFD700",
            "fontSize": 24,
          }
        }
      >
        star
      </Text>
    </View>
  </View>
  <View
    accessibilityState={
      {
        "busy": undefined,
        "checked": undefined,
        "disabled": false,
        "expanded": undefined,
        "selected": undefined,
      }
    }
    accessibilityValue={
      {
        "max": undefined,
        "min": undefined,
        "now": undefined,
        "text": undefined,
      }
    }
    accessible={true}
    collapsable={false}
    focusable={true}
    onClick={[Function]}
    onResponderGrant={[Function]}
    onResponderMove={[Function]}
    onResponderRelease={[Function]}
    onResponderTerminate={[Function]}
    onResponderTerminationRequest={[Function]}
    onStartShouldSetResponder={[Function]}
    style={
      {
        "opacity": 1,
      }
    }
    testID="star-row-touchable-2"
  >
    <View
      collapsable={false}
      style={
        {
          "marginHorizontal": 4,
        }
      }
      testID="star-row-animated-view-2"
    >
      <Text
        style={
          {
            "color": "#FFD700",
            "fontSize": 24,
          }
        }
      >
        star
      </Text>
    </View>
  </View>
  <View
    accessibilityState={
      {
        "busy": undefined,
        "checked": undefined,
        "disabled": false,
        "expanded": undefined,
        "selected": undefined,
      }
    }
    accessibilityValue={
      {
        "max": undefined,
        "min": undefined,
        "now": undefined,
        "text": undefined,
      }
    }
    accessible={true}
    collapsable={false}
    focusable={true}
    onClick={[Function]}
    onResponderGrant={[Function]}
    onResponderMove={[Function]}
    onResponderRelease={[Function]}
    onResponderTerminate={[Function]}
    onResponderTerminationRequest={[Function]}
    onStartShouldSetResponder={[Function]}
    style={
      {
        "opacity": 1,
      }
    }
    testID="star-row-touchable-3"
  >
    <View
      collapsable={false}
      style={
        {
          "marginHorizontal": 4,
        }
      }
      testID="star-row-animated-view-3"
    >
      <Text
        style={
          {
            "color": "#FFD700",
            "fontSize": 24,
          }
        }
      >
        star-o
      </Text>
    </View>
  </View>
  <View
    accessibilityState={
      {
        "busy": undefined,
        "checked": undefined,
        "disabled": false,
        "expanded": undefined,
        "selected": undefined,
      }
    }
    accessibilityValue={
      {
        "max": undefined,
        "min": undefined,
        "now": undefined,
        "text": undefined,
      }
    }
    accessible={true}
    collapsable={false}
    focusable={true}
    onClick={[Function]}
    onResponderGrant={[Function]}
    onResponderMove={[Function]}
    onResponderRelease={[Function]}
    onResponderTerminate={[Function]}
    onResponderTerminationRequest={[Function]}
    onStartShouldSetResponder={[Function]}
    style={
      {
        "opacity": 1,
      }
    }
    testID="star-row-touchable-4"
  >
    <View
      collapsable={false}
      style={
        {
          "marginHorizontal": 4,
        }
      }
      testID="star-row-animated-view-4"
    >
      <Text
        style={
          {
            "color": "#FFD700",
            "fontSize": 24,
          }
        }
      >
        star-o
      </Text>
    </View>
  </View>
  <View
    accessibilityState={
      {
        "busy": undefined,
        "checked": undefined,
        "disabled": false,
        "expanded": undefined,
        "selected": undefined,
      }
    }
    accessibilityValue={
      {
        "max": undefined,
        "min": undefined,
        "now": undefined,
        "text": undefined,
      }
    }
    accessible={true}
    collapsable={false}
    focusable={true}
    onClick={[Function]}
    onResponderGrant={[Function]}
    onResponderMove={[Function]}
    onResponderRelease={[Function]}
    onResponderTerminate={[Function]}
    onResponderTerminationRequest={[Function]}
    onStartShouldSetResponder={[Function]}
    style={
      {
        "opacity": 1,
      }
    }
    testID="star-row-touchable-5"
  >
    <View
      collapsable={false}
      style={
        {
          "marginHorizontal": 4,
        }
      }
      testID="star-row-animated-view-5"
    >
      <Text
        style={
          {
            "color": "#FFD700",
            "fontSize": 24,
          }
        }
      >
        star-o
      </Text>
    </View>
  </View>
</View>
`;
